// Vitest Snapshot v1, https://vitest.dev/guide/snapshot.html

exports[`Dashboard Component Tests > should match the existing UI snapshot 1`] = `
<DocumentFragment>
  <div
    class="max-w-6xl mx-auto p-4 sm:p-6 lg:p-8"
  >
    <div
      class="flex flex-col sm:flex-row justify-between items-center mb-10 gap-6"
    >
      <h1
        class="text-4xl font-extrabold text-gray-900 tracking-tight"
      >
        Dashboard
      </h1>
      <div
        class="flex p-1 bg-gray-100 rounded-xl"
      >
        <button
          class="px-6 py-2.5 text-sm font-semibold rounded-lg transition-all duration-200 bg-white text-blue-600 shadow-sm"
        >
          New Questions
        </button>
        <button
          class="px-6 py-2.5 text-sm font-semibold rounded-lg transition-all duration-200 text-gray-500 hover:text-gray-700"
        >
          Done
        </button>
      </div>
    </div>
    <div
      class="grid grid-cols-1 sm:grid-cols-2 lg:grid-cols-3 gap-8"
    >
      <div
        class="group relative bg-white border border-gray-100 rounded-2xl p-6 shadow-sm hover:shadow-xl transition-all duration-300 transform hover:-translate-y-1"
      >
        <div
          class="flex flex-col items-center"
        >
          <div
            class="relative mb-4"
          >
            <img
              alt="Sarah Edo"
              class="w-20 h-20 rounded-full object-cover ring-4 ring-blue-50 group-hover:ring-blue-100 transition-all"
            />
          </div>
          <h3
            class="text-lg font-bold text-gray-900 mb-1"
          >
            Sarah Edo
          </h3>
          <p
            class="text-sm text-gray-400 mb-6 font-medium"
          >
            Jun 28, 2016
          </p>
          <a
            class="inline-flex items-center justify-center w-full py-3 px-4 bg-blue-600 text-white font-bold rounded-xl hover:bg-blue-700 active:scale-95 transition-all shadow-md hover:shadow-blue-200"
            data-discover="true"
            href="/questions/8xf0y6ziyj7ifthhx832"
          >
            Show Poll
          </a>
        </div>
      </div>
    </div>
  </div>
</DocumentFragment>
`;
